[51.77.48.159/demObywatel_Jacob_test_gT9U2vWwCB/index.html]
[51.77.48.159/sw.js]
[backblue.gif]
[fade.gif]
[index.html]
[51.77.48.159/demObywatel_Jacob_test_gT9U2vWwCB/dashboard.html]
[51.77.48.159/demObywatel_Jacob_test_gT9U2vWwCB/index.html]
[51.77.48.159/cdnjs.cloudflare.com/ajax/libs/font-awesome/5.15.4/css/all.min.html]
[51.77.48.159/demObywatel_Jacob_test_gT9U2vWwCB/documents.html]
[51.77.48.159/demObywatel_Jacob_test_gT9U2vWwCB/dowodnowy.html]
[51.77.48.159/demObywatel_Jacob_test_gT9U2vWwCB/services.html]
[51.77.48.159/images/auto.png]
[51.77.48.159/demObywatel_Jacob_test_gT9U2vWwCB/qr.html]
[51.77.48.159/demObywatel_Jacob_test_gT9U2vWwCB/more.html]
[51.77.48.159/demObywatel_Jacob_test_gT9U2vWwCB/dashboard.html]
[51.77.48.159/demObywatel_Jacob_test_gT9U2vWwCB/chrome-extension_/dacdinoicboceafielngnmjjplncljhj/content.html]
[51.77.48.159/demObywatel_Jacob_test_gT9U2vWwCB/documents.html]
[51.77.48.159/dowod_files/main.css]
[51.77.48.159/css/dowodnowy.css]
[code.jquery.com/jquery-3.6.0.min.js]
[51.77.48.159/dowod_files/timenew.js]
[51.77.48.159/demObywatel_Jacob_test_gT9U2vWwCB/zdjecie.png]
[51.77.48.159/dowod_files/flaga.gif]
[51.77.48.159/dowod_files/godlo.gif]
[51.77.48.159/dowod_files/checkbo.png]
[51.77.48.159/dowod_files/card.png]
[51.77.48.159/dowod_files/kosz.png]
[51.77.48.159/dowod_files/rozwijka.js]
[51.77.48.159/dowod_files/wybor.js]
[51.77.48.159/dowod_files/scale.js]
[51.77.48.159/demObywatel_Jacob_test_gT9U2vWwCB/dowodnowy.html]
[51.77.48.159/images/wybory.png]
[51.77.48.159/images/recepta.png]
[51.77.48.159/images/powodz.png]
[51.77.48.159/demObywatel_Jacob_test_gT9U2vWwCB/services.html]
[51.77.48.159/demObywatel_Jacob_test_gT9U2vWwCB/qr.html]
[51.77.48.159/demObywatel_Jacob_test_gT9U2vWwCB/more.html]
[51.77.48.159/cdn-cgi/challenge-platform/scripts/jsd/main.html]
[51.77.48.159/dowod_files/main.css]
[51.77.48.159/dowod_files/warstwa_1.png]
[51.77.48.159/dowod_files/warstwa_2.png]
[51.77.48.159/css/dowodnowy.css]
[51.77.48.159/cdnjs.cloudflare.com/ajax/libs/font-awesome/6.0.0-beta3/css/all.min.html]
